Ôû▓ Next.js 16.1.6 (Turbopack)
- Environments: .env
- Experiments (use with caution):
  Ô£ô optimizeCss
  Ô£ô scrollRestoration

node.exe : ÔÜá The "middleware" file convention is deprecated. Please use "proxy" in
stead. Learn more: https://nextjs.org/docs/messages/middleware-to-proxy
At line:1 char:1
+ & "C:\Program Files\nodejs/node.exe" "C:\Program Files\nodejs/node_mo ...
+ ~~~~~~~~~~~~~~~~~~~~~~~~~~~~~~~~~~~~~~~~~~~~~~~~~~~~~~~~~~~~~~~~~~~~~
    + CategoryInfo          : NotSpecified: (ÔÜá The "middle...leware-to-proxy:Stri 
   ng) [], RemoteException
    + FullyQualifiedErrorId : NativeCommandError
 
  Creating an optimized production build ...
Ô£ô Compiled successfully in 13.0s
  Running TypeScript ...
Failed to compile.

.next/types/validator.ts:405:31
Type error: Type 'typeof import("C:/Users/Emre/.gemini/antigravity/scratch/learnaxit
y/learnaxia/app/api/admin/users/[id]/tokens/route")' does not satisfy the constraint
 'RouteHandlerConfig<"/api/admin/users/[id]/tokens">'.
  Types of property 'POST' are incompatible.
    Type '(req: Request, { params }: { params: { id: string; }; }) => Promise<NextRe
sponse<{ error: any; }> | NextResponse<{ success: boolean; wallet: { id: string; use
rId: string; balance: number; currency: string; createdAt: Date; updatedAt: Date; };
 message: string; }>>' is not assignable to type '(request: NextRequest, context: { 
params: Promise<{ id: string; }>; }) => void | Response | Promise<void | Response>'.
      Types of parameters '__1' and 'context' are incompatible.
        Type '{ params: Promise<{ id: string; }>; }' is not assignable to type '{ pa
rams: { id: string; }; }'.
          Types of property 'params' are incompatible.
            Property 'id' is missing in type 'Promise<{ id: string; }>' but required
 in type '{ id: string; }'.

[0m [90m 403 |[39m   type __IsExpected[33m<[39m[33mSpecific[39m [36mextends
[39m [33mRouteHandlerConfig[39m[33m<[39m[32m"/api/admin/users/[id]/tokens"[39m
[33m>>[39m [33m=[39m [33mSpecific[39m
 [90m 404 |[39m   [36mconst[39m handler [33m=[39m {} [36mas[39m [36mtypeof
[39m [36mimport[39m([32m"../../app/api/admin/users/[id]/tokens/route.js"[39m)
[31m[1m>[22m[39m[90m 405 |[39m   type __Check [33m=[39m __IsExpected[33m<[
39m[36mtypeof[39m handler[33m>[39m
 [90m     |[39m                               [31m[1m^[22m[39m
 [90m 406 |[39m   [90m// @ts-ignore[39m
 [90m 407 |[39m   type __Unused [33m=[39m __Check
 [90m 408 |[39m }[0m
Next.js build worker exited with code: 1 and signal: null
